Error: Failed to get crumb (root.Api.main context.plugins.ServicePlugin.xhrContext.crumbstructure no longer exists, please open an issue.)